
> portfolio@0.1.0 build
> next build

Γû▓ Next.js 16.1.6 (Turbopack)

  Creating an optimized production build ...
Γ£ô Compiled successfully in 4.7s
  Running TypeScript ...
npm : Failed to compile.
At line:1 char:1
+ npm run build > build_output.txt 2>&1
+ ~~~~~~~~~~~~~~~~~~~~~~~~~~~~~~~~~~~~~
    + CategoryInfo          : NotSpecified: 
    (Failed to compile.:String) [], Remote  
  Exception
    + FullyQualifiedErrorId : NativeCommand 
   Error
 

./src/components/SmoothScroll.tsx:12:7
Type error: Type 'React.ReactNode' is not 
assignable to type 'import("D:/Projects/port
folio/node_modules/@studio-freight/react-len
is/node_modules/@types/react/index").ReactNo
de'.
  Type 'bigint' is not assignable to type 
'ReactNode'.

[0m [90m 10 |[39m   [36mreturn[39m (
 [90m 11 |[39m     
[33m<[39m[33mReactLenis[39m root 
options[33m=[39m{{ lerp[33m:[39m 
[35m0.1[39m[33m,[39m 
duration[33m:[39m 
[35m1.5[39m[33m,[39m 
smoothWheel[33m:[39m [36mtrue[39m 
}}[33m>[39m
[31m[1m>[22m[39m[90m 12 |[39m       
{children}
 [90m    |[39m       [31m[1m^[22m[39m
 [90m 13 |[39m     [33m<[39m[33m/[39m
[33mReactLenis[39m[33m>[39m
 [90m 14 |[39m   )[33m;[39m
 [90m 15 |[39m }[0m
Next.js build worker exited with code: 1 
and signal: null
